// Jest Snapshot v1, https://goo.gl/fbAQLP

exports[`testing ChatsPage render with snapshot 1`] = `
<DocumentFragment>
  <div
    class="container"
  >
    <div
      class="mt-4 row"
    >
      <div
        class="col-12 col-sm-6 col-md-6 col-lg-5 col"
      >
        <h1>
          Select chat
        </h1>
        <div
          class="wrap chatList"
        >
          <div
            class="title"
          >
            Chats
          </div>
        </div>
      </div>
      <div
        class="d-none d-lg-block col-lg-2 col"
      />
      <div
        class="col-12 col-sm-6 col-md-6 col-lg-5 mt-3 mt-sm-0 col"
      >
        <h1>
          Add chat
        </h1>
        <div
          class="wrap userForm"
        >
          <div
            class="MuiFormControl-root MuiTextField-root name css-1u3bzj6-MuiFormControl-root-MuiTextField-root"
          >
            <label
              class="MuiFormLabel-root MuiInputLabel-root MuiInputLabel-formControl MuiInputLabel-animated MuiInputLabel-outlined MuiFormLabel-colorPrimary MuiInputLabel-root MuiInputLabel-formControl MuiInputLabel-animated MuiInputLabel-outlined css-14s5rfu-MuiFormLabel-root-MuiInputLabel-root"
              data-shrink="false"
              for=":r2:"
              id=":r2:-label"
            >
              Имя чата
            </label>
            <div
              class="MuiInputBase-root MuiOutlinedInput-root MuiInputBase-colorPrimary MuiInputBase-formControl css-9ddj71-MuiInputBase-root-MuiOutlinedInput-root"
            >
              <input
                aria-invalid="false"
                class="MuiInputBase-input MuiOutlinedInput-input css-1t8l2tu-MuiInputBase-input-MuiOutlinedInput-input"
                id=":r2:"
                type="text"
                value=""
              />
              <fieldset
                aria-hidden="true"
                class="MuiOutlinedInput-notchedOutline css-1d3z3hw-MuiOutlinedInput-notchedOutline"
              >
                <legend
                  class="css-yjsfm1"
                >
                  <span>
                    Имя чата
                  </span>
                </legend>
              </fieldset>
            </div>
          </div>
          <div
            class="MuiFormControl-root MuiTextField-root message css-1u3bzj6-MuiFormControl-root-MuiTextField-root"
          >
            <label
              class="MuiFormLabel-root MuiInputLabel-root MuiInputLabel-formControl MuiInputLabel-animated MuiInputLabel-outlined MuiFormLabel-colorPrimary MuiInputLabel-root MuiInputLabel-formControl MuiInputLabel-animated MuiInputLabel-outlined css-14s5rfu-MuiFormLabel-root-MuiInputLabel-root"
              data-shrink="false"
              for=":r3:"
              id=":r3:-label"
            >
              Начальное сообщение
            </label>
            <div
              class="MuiInputBase-root MuiOutlinedInput-root MuiInputBase-colorPrimary MuiInputBase-formControl MuiInputBase-multiline css-dpjnhs-MuiInputBase-root-MuiOutlinedInput-root"
            >
              <textarea
                aria-invalid="false"
                class="MuiInputBase-input MuiOutlinedInput-input MuiInputBase-inputMultiline css-1sqnrkk-MuiInputBase-input-MuiOutlinedInput-input"
                id=":r3:"
                rows="4"
                style="height: 0px; overflow: hidden;"
              />
              <textarea
                aria-hidden="true"
                class="MuiInputBase-input MuiOutlinedInput-input MuiInputBase-inputMultiline css-1sqnrkk-MuiInputBase-input-MuiOutlinedInput-input"
                readonly=""
                style="visibility: hidden; position: absolute; overflow: hidden; height: 0px; top: 0px; left: 0px; transform: translateZ(0); padding: 0px; width: 100%;"
                tabindex="-1"
              />
              <fieldset
                aria-hidden="true"
                class="MuiOutlinedInput-notchedOutline css-1d3z3hw-MuiOutlinedInput-notchedOutline"
              >
                <legend
                  class="css-yjsfm1"
                >
                  <span>
                    Начальное сообщение
                  </span>
                </legend>
              </fieldset>
            </div>
          </div>
          <div
            class="btnWrap"
          >
            <button
              class="MuiButtonBase-root MuiButton-root MuiButton-contained MuiButton-containedPrimary MuiButton-sizeMedium MuiButton-containedSizeMedium MuiButton-root MuiButton-contained MuiButton-containedPrimary MuiButton-sizeMedium MuiButton-containedSizeMedium button css-sghohy-MuiButtonBase-root-MuiButton-root"
              tabindex="0"
              type="button"
            >
              Добавить
              <span
                class="MuiTouchRipple-root css-8je8zh-MuiTouchRipple-root"
              />
            </button>
          </div>
        </div>
      </div>
    </div>
  </div>
</DocumentFragment>
`;
