// Jest Snapshot v1, https://goo.gl/fbAQLP

exports[`testing Message render with snapshot 1`] = `
<DocumentFragment>
  <div
    class="wrap undefined"
  >
    <div
      class="author"
    />
    <div
      class="text"
    />
  </div>
</DocumentFragment>
`;
